[www.ciahn.cl/index.html]
[backblue.gif]
[fade.gif]
[index.html]
[www.ciahn.cl/feed/index.html]
[www.ciahn.cl/en/homepage-ing/index.html]
[www.ciahn.cl/comments/feed/index.html]
[www.ciahn.cl/wp-includes/js/jquery/jquery.minf43b.js]
[www.ciahn.cl/wp-includes/js/jquery/jquery-migrate.min5589.js]
[www.ciahn.cl/wp-content/plugins/wp-contact-form-7-spam-blocker/frontend/js/spam-protect-for-contact-form78a54.js]
[www.ciahn.cl/wp-content/plugins/elementor/assets/lib/font-awesome/js/v4-shims.min28fc.js]
[www.ciahn.cl/wp-content/themes/arlo/framework/js/modernizr.customc6f3.js]
[www.ciahn.cl/wp-json/wp/v2/pages/67.json]
[www.ciahn.cl/wp-json/index.html]
[www.ciahn.cl/xmlrpc0db0.php]
[www.ciahn.cl/wp-json/oembed/1.0/embed1145.json]
[www.ciahn.cl/wp-json/oembed/1.0/embeda103]
[www.ciahn.cl/wp-content/uploads/2021/09/cropped-logo-CIAHN1-03-32x32.png]
[www.ciahn.cl/wp-content/uploads/2021/09/cropped-logo-CIAHN1-03-192x192.png]
[www.ciahn.cl/wp-content/uploads/2021/09/cropped-logo-CIAHN1-03-180x180.png]
[www.ciahn.cl/wp-content/uploads/2021/11/logo-chico-web-nuevo-11-11.png]
[www.ciahn.cl/quienes-somos/index.html]
[www.ciahn.cl/wp-content/uploads/2021/10/logo-CIAHN_ian-con-hueso-10-10.png]
[www.ciahn.cl/iniciativas/index.html]
[www.ciahn.cl/paleo-atacama/index.html]
[www.ciahn.cl/noticias/index.html]
[www.ciahn.cl/contacto/index.html]
[www.ciahn.cl/wp-content/uploads/2025/11/OFERTAS-LABORALES-CIAHN-ATACAMA.pdf]
[www.ciahn.cl/informes-transparencia/index.html]
[www.ciahn.cl/wp-content/uploads/2025/11/banner.43g.jpg]
[www.ciahn.cl/wp-content/plugins/arlo-core/shortcode/assets/img/thumb-550-560.jpg]
[www.ciahn.cl/wp-content/uploads/2021/11/larguita.jpg]
[www.ciahn.cl/wp-content/uploads/2021/11/0-7-Pelagornis-web.jpg]
[www.ciahn.cl/wp-content/uploads/2021/10/0-7-Parque-WEB.jpg]
[www.ciahn.cl/centro-de-investigacion-avanzada-de-la-historia-natural/index.html]
[www.ciahn.cl/wp-content/uploads/2021/10/0-7-museo.jpg]
[www.ciahn.cl/parque-paleontologico-los-dedos/index.html]
[www.ciahn.cl/wp-content/uploads/2021/10/0-6-atardecer.jpg]
[www.ciahn.cl/museo-paleontologico/index.html]
[www.ciahn.cl/wp-content/uploads/2021/11/0-7-Algarrobal-web.jpg]
[www.ciahn.cl/geoparque-atacama/index.html]
[www.ciahn.cl/wp-content/uploads/2021/10/0-7-ACADEMIA.jpg]
[www.ciahn.cl/centros-locales-de-interpretacion-patrimonial-clip/index.html]
[www.ciahn.cl/academia-juvenil-de-ciencias-de-atacama/index.html]
[www.ciahn.cl/wp-content/uploads/2025/06/Arackar_web1-1024x768.jpg]
[www.ciahn.cl/wp-content/uploads/2025/06/Arackar_web2-scaled.jpg]
[www.ciahn.cl/wp-content/uploads/2025/06/Poster-Arackar.pdf]
[www.ciahn.cl/wp-content/uploads/2025/06/pinnipedos-web3-1024x768.jpg]
[www.ciahn.cl/wp-content/uploads/2025/06/pinnipedos-web2.jpg]
[www.ciahn.cl/wp-content/uploads/2025/06/Los-Pinnipedos_Poster.pdf]
[www.ciahn.cl/wp-content/uploads/2022/08/libros-abiertos.jpg]
[www.ciahn.cl/wp-content/uploads/2022/08/libro-web-1.jpg]
[www.ciahn.cl/wp-content/uploads/2022/08/Estudio-Diagnóstico-Paleontológico-de-la-Región-de-Atacama-2-edit-1.pdf]
[www.ciahn.cl/wp-content/uploads/2023/05/poster-web3c.jpg]
[www.ciahn.cl/wp-content/uploads/2023/05/poster-web2.jpg]
[www.ciahn.cl/wp-content/uploads/2022/08/poster-web3.jpg]
[www.ciahn.cl/wp-content/uploads/2022/08/poster-web1.jpg]
[www.ciahn.cl/wp-content/uploads/2022/08/poster-pequeno-47-x-32-Atacama-paleontologia2-2.pdf]
[www.ciahn.cl/wp-content/plugins/arlo-core/shortcode/assets/img/thumb-370-250.jpg]
[www.ciahn.cl/paleontologa-de-ciahn-atacama-comparte-experiencia-local-en-el-museo-nacional-de-qatar/index.html]
[www.ciahn.cl/hallazgo-de-nuevo-tiburon-fosil-rinde-homenaje-a-paleontologa-y-a-popular-personaje-de-manga-japones/index.html]
[www.ciahn.cl/author/ciahnatacama/index.html]
[www.ciahn.cl/author/ciahn/index.html]
[www.ciahn.cl/wp-includes/js/dist/hooks.min4fdd.js]
[www.ciahn.cl/wp-includes/js/dist/i18n.minc33c.js]
[www.ciahn.cl/atacama-fortalece-la-conexion-entre-fosiles-y-futuro-ciahn-participa-en-living-data-2025-en-bogota/index.html]
[www.ciahn.cl/wp-content/plugins/contact-form-7/includes/swv/js/indexfc7a.js]
[www.ciahn.cl/wp-content/plugins/contact-form-7/includes/js/indexfc7a.js]
[www.ciahn.cl/wp-content/themes/arlo/framework/js/theia.sticky.sidebarc6f3.js]
[www.ciahn.cl/wp-content/themes/arlo/framework/js/isotopec6f3.js]
[www.ciahn.cl/wp-content/themes/arlo/framework/js/select2c6f3.js]
[www.ciahn.cl/wp-content/themes/arlo/framework/js/nicescrollc6f3.js]
[www.ciahn.cl/wp-content/themes/arlo/framework/js/justifiedc6f3.js]
[www.ciahn.cl/wp-content/themes/arlo/framework/js/lightgalleryc6f3.js]
[www.ciahn.cl/wp-content/themes/arlo/framework/js/magnific.popupc6f3.js]
[www.ciahn.cl/wp-content/themes/arlo/framework/js/owl.carouselc6f3.js]
[www.ciahn.cl/wp-content/themes/arlo/config/config-woo/woocommercec6f3.js]
[www.ciahn.cl/wp-content/themes/arlo/framework/js/initc6f3.js]
[www.ciahn.cl/wp-includes/js/comment-reply.min32d4.js]
[www.ciahn.cl/wp-content/plugins/elementor/assets/lib/jquery-numerator/jquery-numerator.min3958.js]
[www.ciahn.cl/wp-content/plugins/elementor-pro/assets/js/webpack-pro.runtime.mina767.js]
[www.ciahn.cl/wp-content/plugins/elementor/assets/js/webpack.runtime.min28fc.js]
[www.ciahn.cl/wp-content/plugins/elementor/assets/js/frontend-modules.min28fc.js]
[www.ciahn.cl/wp-content/plugins/elementor-pro/assets/js/frontend.mina767.js]
[www.ciahn.cl/wp-content/plugins/elementor/assets/lib/waypoints/waypoints.min05da.js]
[www.ciahn.cl/wp-includes/js/jquery/ui/core.minb37e.js]
[www.ciahn.cl/wp-content/plugins/elementor/assets/js/frontend.min28fc.js]
[www.ciahn.cl/wp-content/plugins/elementor-pro/assets/js/preloaded-elements-handlers.mina767.js]
[www.ciahn.cl/wp-content/plugins/arlo-core/shortcode/assets/js/jquery.event.move68b3.js]
[www.ciahn.cl/wp-content/plugins/arlo-core/shortcode/assets/js/jquery.twentytwenty68b3.js]
[www.ciahn.cl/wp-content/plugins/arlo-core/shortcode/assets/js/ripples68b3.js]
[www.ciahn.cl/wp-content/plugins/arlo-core/shortcode/assets/js/glitch68b3.js]
[www.ciahn.cl/wp-content/plugins/arlo-core/shortcode/assets/js/fullpage68b3.js]
[www.ciahn.cl/wp-content/plugins/arlo-core/shortcode/assets/js/fullpage.extensions.min68b3.js]
[www.ciahn.cl/wp-content/plugins/arlo-core/shortcode/assets/js/flickity68b3.js]
[www.ciahn.cl/wp-content/plugins/arlo-core/shortcode/assets/js/particles68b3.js]
[www.ciahn.cl/wp-content/plugins/arlo-core/shortcode/assets/js/jarallax68b3.js]
[www.ciahn.cl/wp-content/plugins/arlo-core/shortcode/assets/js/typed68b3.js]
[www.ciahn.cl/wp-content/plugins/arlo-core/shortcode/assets/js/accordion68b3.js]
[www.ciahn.cl/wp-content/plugins/arlo-core/shortcode/assets/js/countto68b3.js]
[www.ciahn.cl/wp-content/plugins/arlo-core/shortcode/assets/js/waypoints68b3.js]
[www.ciahn.cl/wp-content/plugins/arlo-core/shortcode/assets/js/kenburnsy68b3.js]
[www.ciahn.cl/wp-content/plugins/arlo-core/shortcode/assets/js/swiper68b3.js]
[www.ciahn.cl/wp-content/plugins/arlo-core/shortcode/assets/js/parallax68b3.js]
[www.ciahn.cl/wp-content/plugins/arlo-core/shortcode/assets/js/frel_parallax68b3.js]
[www.ciahn.cl/wp-content/plugins/arlo-core/shortcode/assets/js/jquery.hover3d.min68b3.js]
[www.ciahn.cl/wp-content/plugins/arlo-core/shortcode/assets/js/init-arlo68b3.js]
[www.ciahn.cl/wp-content/plugins/arlo-core/shortcode/assets/js/init68b3.js]
[www.ciahn.cl/index.html]
[www.ciahn.cl/wp-json/wp/v2/pages/2264.json]
[www.ciahn.cl/en/feed/index.html]
[www.ciahn.cl/en/comments/feed/index.html]
[www.ciahn.cl/wp-json/oembed/1.0/embed5f1e.json]
[www.ciahn.cl/wp-json/oembed/1.0/embed1450]
[www.ciahn.cl/wp-content/uploads/2021/09/MUSEO1.jpg]
[www.ciahn.cl/wp-content/uploads/2022/08/encabezado1-1.jpg]
[www.ciahn.cl/en/about-us/index.html]
[www.ciahn.cl/en/paleo-atacama-2/index.html]
[www.ciahn.cl/wp-content/uploads/2021/10/Paleontologia-CORE-Atacama-p9ed7ou8vo3mye4czh7fgi4hf4cws5uxdcxayzwwpw.jpg]
[www.ciahn.cl/wp-content/uploads/2021/10/noticia-diente-de-tiburon-sierra-de-26-millones.jpg]
[www.ciahn.cl/en/news-2/index.html]
[www.ciahn.cl/en/ciahn-atacamas-endeavors/index.html]
[www.ciahn.cl/en/contact/index.html]
[www.ciahn.cl/wp-content/plugins/elementor-pro/assets/lib/smartmenus/jquery.smartmenus.minf269.js]
[www.ciahn.cl/en/homepage-ing/index.html]
[www.ciahn.cl/en/advanced-research-center-on-natural-history/index.html]
[www.ciahn.cl/en/los-dedos-paleontological-park/index.html]
[www.ciahn.cl/en/paleontological-museum/index.html]
[www.ciahn.cl/wp-content/plugins/contact-form-7/includes/css/stylesfc7a.css]
[www.ciahn.cl/en/atacama-geopark/index.html]
[www.ciahn.cl/wp-content/plugins/wp-contact-form-7-spam-blocker/frontend/css/spam-protect-for-contact-form78a54.css]
[www.ciahn.cl/en/local-centers-for-heritage-interpretation-clip-2/index.html]
[www.ciahn.cl/en/atacamas-junior-academy-of-sciences/index.html]
[www.ciahn.cl/en/high-value-paleontological-patrimony-will-be-preserved-and-studied-in-the-region-of-atacama/index.html]
[www.ciahn.cl/wp-content/plugins/elementor/assets/lib/eicons/fonts/eiconsc63f.eot]
[www.ciahn.cl/en/author/p4l30-2021/index.html]
[www.ciahn.cl/en/regional-council-supports-paleontological-corporation-of-atacama/index.html]
[www.ciahn.cl/wp-content/plugins/elementor/assets/lib/eicons/fonts/eiconsc63f.woff2]
[www.ciahn.cl/wp-content/plugins/elementor/assets/lib/eicons/fonts/eiconsc63f.woff]
[www.ciahn.cl/en/a-2-6-million-year-tooth-of-a-sawshark-reopened-the-tropical-past-of-chile/index.html]
[www.ciahn.cl/wp-content/plugins/elementor/assets/lib/eicons/fonts/eiconsc63f.ttf]
[www.ciahn.cl/wp-content/plugins/elementor/assets/lib/eicons/css/elementor-icons.mine94d.css]
[www.ciahn.cl/wp-content/plugins/elementor/assets/css/frontend-lite.min28fc.css]
[www.ciahn.cl/wp-content/plugins/elementor/assets/lib/swiper/v8/css/swiper.min94a4.css]
[www.ciahn.cl/wp-content/plugins/arlo-core/shortcode/assets/css/twenty-twentyf9b8.css]
[www.ciahn.cl/wp-content/plugins/arlo-core/shortcode/assets/css/fullpagef9b8.css]
[www.ciahn.cl/wp-content/plugins/arlo-core/shortcode/assets/css/owl-theme-defaultf9b8.css]
[www.ciahn.cl/wp-content/plugins/arlo-core/shortcode/assets/css/owl-carouself9b8.css]
[www.ciahn.cl/wp-content/plugins/arlo-core/shortcode/assets/css/magnific-popupf9b8.css]
[www.ciahn.cl/wp-content/plugins/arlo-core/shortcode/assets/css/font/fontelloc7fc.eot]
[www.ciahn.cl/wp-content/plugins/arlo-core/shortcode/assets/css/font/fontelloc7fc.woff2]
[www.ciahn.cl/wp-content/plugins/arlo-core/shortcode/assets/css/font/fontelloc7fc.woff]
[www.ciahn.cl/wp-content/plugins/arlo-core/shortcode/assets/css/font/fontelloc7fc.ttf]
[www.ciahn.cl/wp-content/plugins/arlo-core/shortcode/assets/css/fontellof9b8.css]
[www.ciahn.cl/wp-content/plugins/arlo-core/shortcode/assets/img/bg-repeater.png]
[www.ciahn.cl/wp-content/plugins/arlo-core/shortcode/assets/css/style-arlof9b8.css]
[www.ciahn.cl/wp-content/plugins/arlo-core/shortcode/assets/css/style-rtlf9b8.css]
[www.ciahn.cl/wp-content/plugins/arlo-core/shortcode/assets/css/stylef9b8.css]
[www.ciahn.cl/wp-content/plugins/elementor-pro/assets/css/frontend-lite.mina767.css]
[www.ciahn.cl/wp-content/plugins/elementor/assets/lib/font-awesome/webfonts/fa-brands-400.eot]
[www.ciahn.cl/wp-content/plugins/elementor/assets/lib/font-awesome/webfonts/fa-brands-400d41d.eot]
[www.ciahn.cl/wp-content/plugins/elementor/assets/lib/font-awesome/webfonts/fa-brands-400.woff2]
[www.ciahn.cl/wp-content/plugins/elementor/assets/lib/font-awesome/webfonts/fa-brands-400.woff]
[www.ciahn.cl/wp-content/plugins/elementor/assets/lib/font-awesome/webfonts/fa-brands-400.ttf]
[www.ciahn.cl/wp-content/plugins/elementor/assets/lib/font-awesome/webfonts/fa-regular-400.eot]
[www.ciahn.cl/wp-content/plugins/elementor/assets/lib/font-awesome/webfonts/fa-regular-400d41d.eot]
[www.ciahn.cl/wp-content/plugins/elementor/assets/lib/font-awesome/webfonts/fa-regular-400.woff2]
[www.ciahn.cl/wp-content/plugins/elementor/assets/lib/font-awesome/webfonts/fa-regular-400.woff]
[www.ciahn.cl/wp-content/plugins/elementor/assets/lib/font-awesome/webfonts/fa-regular-400.ttf]
[www.ciahn.cl/wp-content/plugins/elementor/assets/lib/font-awesome/webfonts/fa-solid-900.eot]
[www.ciahn.cl/wp-content/plugins/elementor/assets/lib/font-awesome/webfonts/fa-solid-900d41d.eot]
[www.ciahn.cl/wp-content/plugins/elementor/assets/lib/font-awesome/webfonts/fa-solid-900.woff2]
[www.ciahn.cl/wp-content/plugins/elementor/assets/lib/font-awesome/webfonts/fa-solid-900.woff]
[www.ciahn.cl/wp-content/plugins/elementor/assets/lib/font-awesome/webfonts/fa-solid-900.ttf]
[www.ciahn.cl/wp-content/plugins/elementor/assets/lib/font-awesome/css/all.min28fc.css]
[www.ciahn.cl/wp-content/plugins/elementor/assets/lib/font-awesome/css/v4-shims.min28fc.css]
[www.ciahn.cl/wp-content/themes/arlo/framework/css/basec6f3.css]
[www.ciahn.cl/wp-content/themes/arlo/framework/css/skeletonc6f3.css]
[www.ciahn.cl/wp-content/themes/arlo/framework/css/font/fontelloc6a0.eot]
[www.ciahn.cl/wp-content/themes/arlo/framework/css/font/fontelloc6a0.woff2]
[www.ciahn.cl/wp-content/themes/arlo/framework/css/font/fontelloc6a0.woff]
[www.ciahn.cl/wp-content/themes/arlo/framework/css/font/fontelloc6a0.ttf]
[www.ciahn.cl/wp-content/themes/arlo/framework/css/fontelloc6f3.css]
[www.ciahn.cl/wp-content/themes/arlo/framework/css/justifiedc6f3.css]
[www.ciahn.cl/wp-content/themes/arlo/framework/css/select2c6f3.css]
[www.ciahn.cl/wp-content/themes/arlo/framework/css/lg/lgd641.eot]
[www.ciahn.cl/wp-content/themes/arlo/framework/css/lg/lgd41d.eot]
[www.ciahn.cl/wp-content/themes/arlo/framework/css/lg/lgd641.woff]
[www.ciahn.cl/wp-content/themes/arlo/framework/css/lg/lgd641.ttf]
[www.ciahn.cl/wp-content/themes/arlo/framework/css/lightgalleryc6f3.css]
[www.ciahn.cl/wp-content/themes/arlo/framework/img/loading.gif]
[www.ciahn.cl/wp-content/themes/arlo/framework/img/cart.png]
[www.ciahn.cl/wp-content/themes/arlo/framework/img/login.png]
[www.ciahn.cl/wp-content/themes/arlo/config/config-woo/woocommercec6f3.css]
[www.ciahn.cl/wp-content/themes/arlo/framework/css/rtl.stylec6f3.css]
[www.ciahn.cl/wp-content/themes/arlo/framework/css/navigationc6f3.css]
[www.ciahn.cl/wp-content/themes/arlo/framework/css/hamburgerc6f3.css]
[www.ciahn.cl/wp-content/themes/arlo/framework/css/theme-stylec6f3.css]
[www.ciahn.cl/wp-content/themes/arlo/framework/img/home.png]
[www.ciahn.cl/wp-content/themes/arlo/stylec6f3.css]
[www.ciahn.cl/wp-content/themes/arlo/framework/css/inline5152.css]
[www.ciahn.cl/wp-content/plugins/elementor/assets/lib/font-awesome/css/fontawesome.min52d5.css]
[www.ciahn.cl/wp-content/plugins/elementor/assets/lib/font-awesome/css/solid.min52d5.css]
[www.ciahn.cl/wp-content/plugins/elementor/assets/lib/font-awesome/css/brands.min52d5.css]
[www.ciahn.cl/wp-content/uploads/2021/11/barra-seccion-paleo.jpg]
[www.ciahn.cl/wp-json/wp/v2/pages/1595.json]
[www.ciahn.cl/wp-json/oembed/1.0/embed4039.json]
[www.ciahn.cl/wp-json/oembed/1.0/embed25c6]
[www.ciahn.cl/wp-content/uploads/2022/12/CIAHN-ATACAMA.pdf]
[www.ciahn.cl/wp-content/uploads/2021/10/1-2-parque.jpg]
[www.ciahn.cl/wp-content/uploads/2021/10/1-1-Megalodones.jpg]
[www.ciahn.cl/wp-content/uploads/2021/10/1-2-caminar.jpg]
[www.ciahn.cl/wp-content/uploads/2021/10/1-1-raya.jpg]
[www.ciahn.cl/wp-content/uploads/2021/10/1-2-sendero.jpg]
[www.ciahn.cl/wp-content/uploads/2021/10/1-1-Braquiopodos.jpg]
[www.ciahn.cl/wp-content/uploads/2021/11/miguel-vargas-correa.jpg]
[www.ciahn.cl/wp-content/uploads/2021/11/alcaldesa-brunil-de-caldera.jpg]
[www.ciahn.cl/wp-content/uploads/2024/09/FORLIN-AGUILERA-OLIVARES_304X319_2-1.jpg]
[www.ciahn.cl/wp-content/uploads/2021/11/maria-cecilia-hidalgo.jpg]
[www.ciahn.cl/wp-content/uploads/2021/11/yoris-rojas.jpg]
[www.ciahn.cl/wp-content/uploads/2021/11/mario-hamuy.jpg]
[www.ciahn.cl/wp-content/uploads/2021/11/alvaro-fischer.jpg]
[www.ciahn.cl/wp-content/uploads/2021/11/sebastian-seisdedos-2.jpg]
[www.ciahn.cl/wp-content/uploads/2021/11/daniel-llorente.jpg]
[www.ciahn.cl/quienes-somos/index.html]
[www.ciahn.cl/wp-content/uploads/2021/10/porta2.jpg]
[www.ciahn.cl/wp-json/wp/v2/pages/277.json]
[www.ciahn.cl/wp-json/oembed/1.0/embed06a4.json]
[www.ciahn.cl/wp-json/oembed/1.0/embedcd60]
[www.ciahn.cl/paleo-atacama/index.html]
[www.ciahn.cl/wp-includes/js/imagesloaded.minbb93.js]
[www.ciahn.cl/wp-json/wp/v2/pages/2.json]
[www.ciahn.cl/wp-json/oembed/1.0/embeda984.json]
[www.ciahn.cl/wp-json/oembed/1.0/embed8db2]
[www.ciahn.cl/iniciativas/index.html]
[www.ciahn.cl/wp-json/wp/v2/pages/847.json]
[www.ciahn.cl/wp-json/oembed/1.0/embed7d7d.json]
[www.ciahn.cl/wp-json/oembed/1.0/embed2a4e]
[www.ciahn.cl/wp-content/uploads/2023/05/single_2023_04_25_LaTercera-39.pdf]
[www.ciahn.cl/wp-content/uploads/2023/05/single_2023_04_25_LaTercera-40.pdf]
[www.ciahn.cl/wp-content/uploads/2025/11/PORTADA-ANA-VALENZUELA.jpg]
[www.ciahn.cl/wp-content/uploads/2025/11/Pochitaserra-Kawai-COTTY-CHARURI.jpg]
[www.ciahn.cl/wp-content/uploads/2025/10/Living-Data-2025-Informacion-que-en-conjunto-transforma-27.10.jpg]
[www.ciahn.cl/wp-content/uploads/2025/10/PORTADA.jpg]
[www.ciahn.cl/wp-content/uploads/2025/09/Saludos-Pablo-Quilodran_portada.jpg]
[www.ciahn.cl/esqueleto-fosil-hallado-en-atacama-replantea-la-evolucion-de-los-perezosos-marinos-en-el-hemisferio-sur/index.html]
[www.ciahn.cl/wp-content/uploads/2025/09/Post-IG-Poster-Aniversario-40-anos-Bahia-Inglesa-1.jpg]
[www.ciahn.cl/investigadores-clave-en-estudio-del-yacimiento-paleontologico-formacion-bahia-inglesa-se-reunieron-en-caldera/index.html]
[www.ciahn.cl/wp-content/uploads/2025/08/5.jpg]
[www.ciahn.cl/ciahn-atacama-conmemora-40-anos-de-la-formacion-bahia-inglesa-con-seminario-internacional/index.html]
[www.ciahn.cl/wp-content/uploads/2025/07/Documental-HOYRI-PORTADAWEB.jpg]
[www.ciahn.cl/equipo-cientifico-internacional-descubrio-oasis-de-plantas-fosiles-de-hace-260-millones-de-anos/index.html]
[www.ciahn.cl/wp-content/uploads/2025/06/Ganadores-Concursos-Fotografia-y-Dibujo_CIAHN-1000x900.jpg]
[www.ciahn.cl/documental-sobre-paleontologia-en-el-desierto-de-atacama-estrena-este-jueves-en-television-abierta/index.html]
[www.ciahn.cl/wp-content/uploads/2025/05/Convocatoria-Visita-PLD-Dia-del-Patrimonio-1-1-1000x1000.jpg]
[www.ciahn.cl/ganadores-de-concurso-de-fotografia-y-dibujo-del-mes-de-patrimonio-fueron-premiados-en-gobierno-regional/index.html]
[www.ciahn.cl/wp-content/uploads/2025/05/PORTADA.jpg]
[www.ciahn.cl/ciahn-atacama-invita-a-concurso-de-fotografia-y-dibujo-para-celebrar-el-mes-de-patrimonio/index.html]
[www.ciahn.cl/wp-content/uploads/2025/04/PORTADILLA_AnaValenzuelaToro_1.jpg]
[www.ciahn.cl/fundacion-ruinas-de-huanchaca-y-ciahn-atacama-firman-convenio-para-fortalecer-la-investigacion-paleontologica/index.html]
[www.ciahn.cl/wp-content/uploads/2025/03/PLD-Verano-2025-1-1000x720.jpg]
[www.ciahn.cl/colonialismo-cientifico-y-brechas-de-genero-invisibilizan-la-investigacion-paleontologica-latinoamericana/index.html]
[www.ciahn.cl/wp-content/uploads/2025/01/Afiche-central-1000x1000.jpg]
[www.ciahn.cl/fin-de-semana-largo-mas-de-600-personas-visitaron-el-parque-paleontologico-los-dedos-2/index.html]
[www.ciahn.cl/wp-content/uploads/2024/11/PORTADA-LOS-DEDOS.jpg]
[www.ciahn.cl/noticias/index.html]
[www.ciahn.cl/congreso-futuro-2025-aterriza-en-la-region-bajo-el-lema-que-atacama-queremos-ser/index.html]
[www.ciahn.cl/wp-json/wp/v2/pages/190.json]
[www.ciahn.cl/fin-de-semana-largo-mas-de-600-personas-visitaron-el-parque-paleontologico-los-dedos/index.html]
[www.ciahn.cl/wp-json/oembed/1.0/embedc417.json]
[www.ciahn.cl/wp-json/oembed/1.0/embedaf3f]
[www.ciahn.cl/contacto/index.html]
[www.ciahn.cl/wp-content/themes/arlo/framework/svg/search-new.svg]
[www.ciahn.cl/wp-json/wp/v2/pages/3738.json]
[www.ciahn.cl/wp-json/oembed/1.0/embed46cc.json]
[www.ciahn.cl/wp-json/oembed/1.0/embed6f6e]
[www.ciahn.cl/wp-content/uploads/2025/06/Informe-de-Cierre-Gestion-de-Fondos-Gore-a-Marzo-2025vf-1.pdf]
[www.ciahn.cl/wp-content/uploads/2025/10/CIAHN-MEMORIA-ANUAL-2024.pdf]
[www.ciahn.cl/wp-content/uploads/2024/10/Memoria-CIAHN-2023.pdf]
[www.ciahn.cl/wp-content/uploads/2023/12/Informe-Anual-2022-ano-2.pdf]
[www.ciahn.cl/wp-content/uploads/2023/12/Informe-Anual-2021-ano1.pdf]
[www.ciahn.cl/wp-content/uploads/2025/06/Informe-Trimestral-a-Diciembre_2024vf.pdf]
[www.ciahn.cl/wp-content/uploads/2025/04/Informe-Trimestral-a-Septiembre_2024.pdf]
[www.ciahn.cl/wp-content/uploads/2024/10/Informe-Trimestral-a-Junio_2024.pdf]
[www.ciahn.cl/wp-content/uploads/2024/06/Informe-Trimestral-Gore-enero_marzo-2024.pdf]
[www.ciahn.cl/wp-content/uploads/2024/06/Informe-Trimestral-Octubre-Diciembre_2023.pdf]
[www.ciahn.cl/wp-content/uploads/2023/12/Informe1_3er_trimestre_2023.pdf]
[www.ciahn.cl/wp-content/uploads/2023/12/TA-azulpetroleo.jpg]
[www.ciahn.cl/informes-transparencia/index.html]
[www.ciahn.cl/wp-content/plugins/arlo-core/shortcode/assets/svg/down-1.svg]
[www.ciahn.cl/wp-content/plugins/elementor-pro/assets/css/widget-animated-headline.min.css]
[www.ciahn.cl/wp-json/wp/v2/pages/1046.json]
[www.ciahn.cl/wp-json/oembed/1.0/embede596.json]
[www.ciahn.cl/wp-json/oembed/1.0/embedfae3]
[www.ciahn.cl/wp-content/uploads/2021/11/3-1-investigacion-1_web.jpg]
[www.ciahn.cl/wp-content/uploads/2021/11/3-1-investigacion-2_web.jpg]
[www.ciahn.cl/wp-content/uploads/2021/11/3-1-investigacion-3_web.jpg]
[www.ciahn.cl/centro-de-investigacion-avanzada-de-la-historia-natural/index.html]
[www.ciahn.cl/wp-content/uploads/2021/11/3-2-Parque-1_web.jpg]
[www.ciahn.cl/wp-json/wp/v2/pages/1217.json]
[www.ciahn.cl/wp-json/oembed/1.0/embed428b.json]
[www.ciahn.cl/wp-json/oembed/1.0/embedf319]
[www.ciahn.cl/parque-paleontologico-los-dedos/index.html]
[www.ciahn.cl/wp-content/plugins/arlo-core/shortcode/assets/img/thumb-500-800.jpg]
[www.ciahn.cl/wp-content/uploads/2021/11/3-1-Museoe-1_web.jpg]
[www.ciahn.cl/wp-json/wp/v2/pages/1228.json]
[www.ciahn.cl/wp-json/oembed/1.0/embede1b7.json]
[www.ciahn.cl/wp-json/oembed/1.0/embed7f71]
[www.ciahn.cl/museo-paleontologico/index.html]
[www.ciahn.cl/wp-content/uploads/2021/11/3-4-Geoparque1.jpg]
[www.ciahn.cl/wp-json/wp/v2/pages/1236.json]
[www.ciahn.cl/wp-json/oembed/1.0/embed9155.json]
[www.ciahn.cl/geoparque-atacama/index.html]
[www.ciahn.cl/wp-json/oembed/1.0/embed22e7.json]
[www.ciahn.cl/centros-locales-de-interpretacion-patrimonial-clip/index.html]
[www.ciahn.cl/wp-json/oembed/1.0/embed226f]
[www.ciahn.cl/wp-content/uploads/2021/11/3-6-Academia1.jpg]
[www.ciahn.cl/wp-json/wp/v2/pages/1252.json]
[www.ciahn.cl/wp-json/oembed/1.0/embed300c.json]
[www.ciahn.cl/academia-juvenil-de-ciencias-de-atacama/index.html]
[www.ciahn.cl/wp-content/plugins/elementor-pro/assets/css/widget-call-to-action.min.css]
[www.ciahn.cl/wp-content/plugins/arlo-core/shortcode/assets/svg/quotes.svg]
[www.ciahn.cl/wp-json/oembed/1.0/embedebd0]
[www.ciahn.cl/wp-json/wp/v2/posts/4441.json]
[www.ciahn.cl/paleontologa-de-ciahn-atacama-comparte-experiencia-local-en-el-museo-nacional-de-qatar/feed/index.html]
[www.ciahn.cl/wp-json/oembed/1.0/embed8a5a.json]
[www.ciahn.cl/wp-json/oembed/1.0/embed0867]
[www.ciahn.cl/wp-content/uploads/2025/11/ANA-VALENZUELA-INTERIOR2.jpg]
[www.ciahn.cl/wp-content/uploads/2025/11/IMG-20251126-WA0001.jpg]
[www.ciahn.cl/wp-content/uploads/2025/11/IMG-20251126-WA0004.jpg]
[www.ciahn.cl/wp-content/uploads/2025/11/IMG-20251126-WA0002.jpg]
[www.ciahn.cl/wp-content/uploads/2025/11/IMG-20251126-WA0003.jpg]
[www.ciahn.cl/wp-content/uploads/2025/11/IMG-20251126-WA0007.jpg]
[www.ciahn.cl/wp-content/plugins/elementor/assets/lib/e-gallery/js/e-gallery.min7359.js]
[www.ciahn.cl/paleontologa-de-ciahn-atacama-comparte-experiencia-local-en-el-museo-nacional-de-qatar/index.html]
[www.ciahn.cl/wp-json/wp/v2/users/4.json]
[www.ciahn.cl/author/ciahnatacama/feed/index.html]
[www.ciahn.cl/wp-content/uploads/2025/06/Ganadores-Concursos-Fotografia-y-Dibujo_CIAHN.jpg]
[www.ciahn.cl/category/atacama/index.html]
[www.ciahn.cl/wp-content/uploads/2025/05/Convocatoria-Visita-PLD-Dia-del-Patrimonio-1-1.jpg]
[www.ciahn.cl/wp-content/uploads/2025/03/PLD-Verano-2025-1.jpg]
[www.ciahn.cl/wp-content/uploads/2025/03/PLD-Verano-2025-5.jpg]
[www.ciahn.cl/author/ciahnatacama/index.html]
[www.ciahn.cl/author/ciahnatacama/page/3/index.html]
[www.ciahn.cl/author/ciahnatacama/page/2/index.html]
[www.ciahn.cl/wp-json/wp/v2/posts/4417.json]
[www.ciahn.cl/hallazgo-de-nuevo-tiburon-fosil-rinde-homenaje-a-paleontologa-y-a-popular-personaje-de-manga-japones/feed/index.html]
[www.ciahn.cl/wp-json/oembed/1.0/embed7e69.json]
[www.ciahn.cl/wp-json/oembed/1.0/embedf5dc]
[www.ciahn.cl/wp-content/uploads/2025/11/Pochitaserra-caricatura-COTTY-CHARURI.jpg]
[www.ciahn.cl/wp-content/uploads/2025/11/Pochitaserra-dientes.jpg]
[www.ciahn.cl/wp-content/uploads/2025/11/Pochitaserra-dientes-1024x738.jpg]
[www.ciahn.cl/wp-content/uploads/2025/11/pochita.jpg]
[www.ciahn.cl/wp-content/uploads/2025/11/pochita-1024x271.jpg]
[www.ciahn.cl/wp-content/uploads/2025/11/Patricia-Canales.jpg]
[www.ciahn.cl/wp-content/uploads/2025/11/Patricia-Canales-1024x740.jpg]
[www.ciahn.cl/wp-content/uploads/2025/11/Dasyatis-manuelcamposi-diente.jpg]
[www.ciahn.cl/wp-content/uploads/2025/11/Pochitaserra-y-Dasyatis-manuelcamposi-CARLOS-ESPINOSA-BUSTOS.jpg]
[www.ciahn.cl/wp-content/uploads/2025/11/Pochitaserra-y-Dasyatis-manuelcamposi-CARLOS-ESPINOSA-BUSTOS-1024x669.jpg]
[www.ciahn.cl/wp-content/uploads/2025/11/Manuel-Campos.jpg]
[www.ciahn.cl/wp-content/uploads/2025/11/Manuel-Campos-719x1024.jpg]
[www.ciahn.cl/wp-content/uploads/2025/11/Ecconsa-MAURICIO-ALVAREZ.jpg]
[www.ciahn.cl/wp-content/uploads/2025/11/Ecconsa-MAURICIO-ALVAREZ-1024x728.jpg]
[www.ciahn.cl/hallazgo-de-nuevo-tiburon-fosil-rinde-homenaje-a-paleontologa-y-a-popular-personaje-de-manga-japones/index.html]
[www.ciahn.cl/wp-json/wp/v2/users/2.json]
[www.ciahn.cl/wp-content/uploads/2023/11/portadahorizontal.jpg]
[www.ciahn.cl/author/ciahn/feed/index.html]
[www.ciahn.cl/investigadora-de-ciahn-atacama-fue-finalista-en-concurso-de-prestigiosa-revista-cientifica-britanica-2/index.html]
[www.ciahn.cl/wp-content/uploads/2023/11/Joseline-Manfroi2.jpg]
[www.ciahn.cl/wp-content/uploads/2023/11/DistincionAnaValenzuela-WEB.jpg]
[www.ciahn.cl/wp-content/uploads/2023/11/DistincionAnaValenzuela.jpg]
[www.ciahn.cl/investigadora-de-ciahn-atacama-fue-finalista-en-concurso-de-prestigiosa-revista-cientifica-britanica/index.html]
[www.ciahn.cl/wp-content/uploads/2023/10/PORTADA.jpg]
[www.ciahn.cl/wp-content/uploads/2023/10/WhatsApp-Image-2023-10-13-at-13.15.45.jpg]
[www.ciahn.cl/mas-de-15-mil-personas-visitaron-congreso-futuro-en-tu-comuna-en-la-provincia-de-huasco/index.html]
[www.ciahn.cl/congreso-futuro-en-tu-comuna-aterrizara-en-provincia-del-huasco-con-entretenida-caravana-de-la-ciencia/index.html]
[www.ciahn.cl/wp-content/uploads/2023/05/PASEO-POR-LA-CIENCIA.jpg]
[www.ciahn.cl/wp-content/uploads/2023/04/FIRMA-CONVENIO-SERNATUR.jpg]
[www.ciahn.cl/con-gran-exito-concluye-la-participacion-de-ciahn-atacama-en-puerto-de-ideas-antofagasta-2023/index.html]
[www.ciahn.cl/wp-content/uploads/2023/04/PUERTO-DE-IDEAS-_RETRATO-PABLO.jpg]
[www.ciahn.cl/author/ciahn/index.html]
[www.ciahn.cl/corporacion-regional-de-paleontologia-ciahn-atacama-suscribe-convenio-con-la-direccion-regional-de-sernatur-para-el-fomento-del-geoturismo-en-atacama/index.html]
[www.ciahn.cl/ciahn-en-puerto-de-ideas-antofagasta-2023/index.html]
[www.ciahn.cl/author/ciahn/page/2/index.html]
[www.ciahn.cl/wp-json/wp/v2/posts/4386.json]
[www.ciahn.cl/atacama-fortalece-la-conexion-entre-fosiles-y-futuro-ciahn-participa-en-living-data-2025-en-bogota/feed/index.html]
[www.ciahn.cl/wp-json/oembed/1.0/embedede2.json]
[www.ciahn.cl/wp-json/oembed/1.0/embedfce6]
[www.ciahn.cl/wp-content/uploads/2025/10/Congreso-Living-Data-3.jpg]
[www.ciahn.cl/wp-content/uploads/2025/10/Congreso-Living-Data-6.jpg]
[www.ciahn.cl/wp-content/uploads/2025/10/Congreso-Living-Data-5.jpg]
[www.ciahn.cl/wp-content/uploads/2025/10/Congreso-Living-Data-4.jpg]
[www.ciahn.cl/wp-content/uploads/2025/10/Congreso-Living-Data-2.jpg]
[www.ciahn.cl/wp-content/uploads/2025/10/Congreso-Living-Data-1.jpg]
[www.ciahn.cl/atacama-fortalece-la-conexion-entre-fosiles-y-futuro-ciahn-participa-en-living-data-2025-en-bogota/index.html]
[www.ciahn.cl/wp-content/plugins/elementor/assets/css/widget-icon-box.min.css]
[www.ciahn.cl/wp-content/plugins/elementor/assets/lib/animations/animations.min28fc.css]
[www.ciahn.cl/wp-content/plugins/elementor-pro/assets/css/widget-nav-menu.min.css]
[www.ciahn.cl/wp-json/wp/v2/pages/2025.json]
[www.ciahn.cl/wp-json/oembed/1.0/embed06a2.json]
[www.ciahn.cl/wp-json/oembed/1.0/embed49fd]
[www.ciahn.cl/wp-content/uploads/2021/11/celso-arias.jpg]
[www.ciahn.cl/en/about-us/index.html]
[www.ciahn.cl/wp-json/wp/v2/pages/2132.json]
[www.ciahn.cl/wp-json/oembed/1.0/embed708d.json]
[www.ciahn.cl/wp-json/oembed/1.0/embedeb59]
[www.ciahn.cl/en/paleo-atacama-2/index.html]
[www.ciahn.cl/wp-json/wp/v2/pages/2229.json]
[www.ciahn.cl/wp-json/oembed/1.0/embed1eed.json]
[www.ciahn.cl/wp-json/oembed/1.0/embede20e]
[www.ciahn.cl/en/ciahn-atacamas-endeavors/index.html]
[www.ciahn.cl/wp-json/wp/v2/pages/2373.json]
[www.ciahn.cl/wp-json/oembed/1.0/embedd6c7.json]
[www.ciahn.cl/wp-json/oembed/1.0/embed26d4]
[www.ciahn.cl/wp-content/uploads/2022/08/encabezado1-1-300x128.jpg]
[www.ciahn.cl/wp-content/uploads/2021/10/Paleontologia-CORE-Atacama-p9ed7ou8vo3mye4czh7fgi4hf4cws5uxdcxayzwwpw-300x160.jpg]
[www.ciahn.cl/wp-content/uploads/2021/10/noticia-diente-de-tiburon-sierra-de-26-millones-300x200.jpg]
[www.ciahn.cl/wp-content/uploads/2021/10/Pelagornis-Chilensis-300x188.jpg]
[www.ciahn.cl/wp-content/uploads/2021/10/Ministro-de-Ciencias-visito-el-Centro-Cultural-en-Caldera-300x188.jpg]
[www.ciahn.cl/en/news-2/index.html]
[www.ciahn.cl/en/whales-marine-sloths-megalodons-the-endless-fossil-record-of-the-paleontological-park-of-caldera-will-be-preserved/index.html]
[www.ciahn.cl/en/minister-of-science-visits-cultural-center-in-caldera/index.html]
[www.ciahn.cl/wp-json/wp/v2/pages/2295.json]
[www.ciahn.cl/wp-json/oembed/1.0/embed3009.json]
[www.ciahn.cl/wp-json/oembed/1.0/embed571d]
[www.ciahn.cl/en/contact/index.html]
[www.ciahn.cl/wp-json/wp/v2/pages/2076.json]
[www.ciahn.cl/wp-json/oembed/1.0/embed037c.json]
[www.ciahn.cl/wp-json/oembed/1.0/embedc4ef]
[www.ciahn.cl/en/advanced-research-center-on-natural-history/index.html]
[www.ciahn.cl/wp-json/wp/v2/pages/2118.json]
[www.ciahn.cl/wp-json/oembed/1.0/embedc4ea.json]
[www.ciahn.cl/wp-json/oembed/1.0/embed4196]
[www.ciahn.cl/en/los-dedos-paleontological-park/index.html]
[www.ciahn.cl/wp-json/wp/v2/pages/2238.json]
[www.ciahn.cl/wp-json/oembed/1.0/embede356.json]
[www.ciahn.cl/wp-json/oembed/1.0/embedb1b1]
[www.ciahn.cl/en/paleontological-museum/index.html]
[www.ciahn.cl/wp-json/wp/v2/pages/2110.json]
[www.ciahn.cl/wp-json/oembed/1.0/embed0e63.json]
[www.ciahn.cl/wp-json/oembed/1.0/embedec7b]
[www.ciahn.cl/en/atacama-geopark/index.html]
[www.ciahn.cl/wp-json/wp/v2/pages/2102.json]
[www.ciahn.cl/wp-json/oembed/1.0/embed2cb7.json]
[www.ciahn.cl/wp-json/oembed/1.0/embedcc98]
[www.ciahn.cl/en/local-centers-for-heritage-interpretation-clip-2/index.html]
[www.ciahn.cl/wp-json/wp/v2/pages/2038.json]
[www.ciahn.cl/wp-json/oembed/1.0/embedc3f4.json]
[www.ciahn.cl/wp-json/oembed/1.0/embedcc89]
[www.ciahn.cl/en/atacamas-junior-academy-of-sciences/index.html]
[www.ciahn.cl/wp-json/wp/v2/posts/2409.json]
[www.ciahn.cl/wp-json/oembed/1.0/embed379d.json]
[www.ciahn.cl/wp-json/oembed/1.0/embedc4eb]
[www.ciahn.cl/wp-content/uploads/2021/10/patrimonio-paleontologico-region-de-atacama.jpg]
[www.ciahn.cl/en/high-value-paleontological-patrimony-will-be-preserved-and-studied-in-the-region-of-atacama/index.html]
[www.ciahn.cl/wp-json/wp/v2/users/1.json]
[www.ciahn.cl/en/author/p4l30-2021/feed/index.html]
[www.ciahn.cl/wp-content/uploads/2021/10/Pelagornis-Chilensis.jpg]
[www.ciahn.cl/wp-content/uploads/2021/10/Ministro-de-Ciencias-visito-el-Centro-Cultural-en-Caldera.jpg]
[www.ciahn.cl/en/author/p4l30-2021/index.html]
[www.ciahn.cl/en/category/sin-categoria-en/index.html]
[www.ciahn.cl/wp-json/wp/v2/posts/2378.json]
[www.ciahn.cl/core-apoya-corporacion-paleontologica-de-atacama/index.html]
[www.ciahn.cl/wp-json/oembed/1.0/embedc605.json]
[www.ciahn.cl/wp-json/oembed/1.0/embedeeac]
[www.ciahn.cl/en/regional-council-supports-paleontological-corporation-of-atacama/index.html]
[www.ciahn.cl/wp-json/wp/v2/posts/2367.json]
[www.ciahn.cl/en/a-2-6-million-year-tooth-of-a-sawshark-reopened-the-tropical-past-of-chile/feed/index.html]
[www.ciahn.cl/wp-json/oembed/1.0/embed1829.json]
[www.ciahn.cl/wp-json/oembed/1.0/embed4fef]
[www.ciahn.cl/wp-content/uploads/2021/10/Pliotrema-annae.jpg]
[www.ciahn.cl/wp-content/uploads/2021/10/Dientes-fosiles-descritos-en-la-investigacion-1024x514.jpg]
[www.ciahn.cl/en/a-2-6-million-year-tooth-of-a-sawshark-reopened-the-tropical-past-of-chile/index.html]
[www.ciahn.cl/wp-content/plugins/elementor/assets/lib/eicons/fonts/eiconsc63f.svg]
[www.ciahn.cl/wp-content/plugins/arlo-core/shortcode/assets/css/owl.video.play.html]
[www.ciahn.cl/wp-content/plugins/arlo-core/shortcode/assets/css/font/fontelloc7fc.svg]
[www.ciahn.cl/wp-content/plugins/elementor/assets/lib/font-awesome/webfonts/fa-brands-400.svg]
[www.ciahn.cl/wp-content/plugins/elementor/assets/lib/font-awesome/webfonts/fa-regular-400.svg]
[www.ciahn.cl/wp-content/plugins/elementor/assets/lib/font-awesome/webfonts/fa-solid-900.svg]
[www.ciahn.cl/wp-content/themes/arlo/framework/css/font/fontelloc6a0.svg]
[www.ciahn.cl/wp-content/themes/arlo/framework/css/lg/lgd641.svg]
[www.ciahn.cl/wp-content/themes/arlo/framework/img/vimeo-play.html]
[www.ciahn.cl/wp-content/themes/arlo/framework/img/video-play.html]
[www.ciahn.cl/wp-content/themes/arlo/framework/img/youtube-play.html]
[www.ciahn.cl/wp-content/plugins/elementor/assets/lib/font-awesome/css/regular.min52d5.css]
[www.ciahn.cl/indexdd87.html]
[www.ciahn.cl/index9076.html]
[www.ciahn.cl/index905b.html]
[www.ciahn.cl/indexdabb.html]
[www.ciahn.cl/wp-content/plugins/elementor-pro/assets/css/widget-posts.min.css]
[www.ciahn.cl/wp-json/wp/v2/posts/4351.json]
[www.ciahn.cl/esqueleto-fosil-hallado-en-atacama-replantea-la-evolucion-de-los-perezosos-marinos-en-el-hemisferio-sur/feed/index.html]
[www.ciahn.cl/wp-json/oembed/1.0/embeddb95.json]
[www.ciahn.cl/wp-json/oembed/1.0/embed6339]
[www.ciahn.cl/wp-content/uploads/2025/10/Thalassocnus_Final-illustration_baja.jpg]
[www.ciahn.cl/wp-content/uploads/2025/10/Vertebras_baja.jpg]
[www.ciahn.cl/wp-content/uploads/2025/10/Vertebras_baja-1024x617.jpg]
[www.ciahn.cl/wp-content/uploads/2025/10/Mandibula_baja_ok.jpg]
[www.ciahn.cl/wp-content/uploads/2025/10/Mandibula_baja_ok-1024x539.jpg]
[www.ciahn.cl/esqueleto-fosil-hallado-en-atacama-replantea-la-evolucion-de-los-perezosos-marinos-en-el-hemisferio-sur/index.html]
[www.ciahn.cl/wp-json/wp/v2/posts/4317.json]
[www.ciahn.cl/investigadores-clave-en-estudio-del-yacimiento-paleontologico-formacion-bahia-inglesa-se-reunieron-en-caldera/feed/index.html]
[www.ciahn.cl/wp-json/oembed/1.0/embedb519.json]
[www.ciahn.cl/wp-json/oembed/1.0/embeda3fb]
[www.ciahn.cl/wp-content/uploads/2025/09/Exposicion-Martin-Chavez-2.jpg]
[www.ciahn.cl/wp-content/uploads/2025/09/Saludos-Pablo-Quilodran.jpg]
[www.ciahn.cl/wp-content/uploads/2025/09/Autoridades-asistentes-Seminario-2.jpg]
[www.ciahn.cl/wp-content/uploads/2025/09/Exposicion-Dr-Jorge-Velez-Juarbe-1.jpg]
[www.ciahn.cl/wp-content/uploads/2025/09/Exposicion-Dr-Jorge-Velez-Juarbe-2.jpg]
[www.ciahn.cl/wp-content/uploads/2025/09/Exposicion-Dra-Ana-Valenzuela-2.jpg]
[www.ciahn.cl/wp-content/uploads/2025/09/Exposicion-Dra-Ana-Valenzuela-1.jpg]
[www.ciahn.cl/wp-content/uploads/2025/09/Exposicion-Martin-Chavez-.jpg]
[www.ciahn.cl/wp-content/uploads/2025/09/Exposicion-Pablo-Oyanedel-CEAZA-Therium-1.jpg]
[www.ciahn.cl/wp-content/uploads/2025/09/Exposicion-Paque-Los-Dedos-1.jpg]
[www.ciahn.cl/wp-content/uploads/2025/09/Autoridades-asistentes-Seminario-3.jpg]
[www.ciahn.cl/wp-content/uploads/2025/09/Publico-asistente-1.jpg]
[www.ciahn.cl/investigadores-clave-en-estudio-del-yacimiento-paleontologico-formacion-bahia-inglesa-se-reunieron-en-caldera/index.html]
[www.ciahn.cl/wp-json/wp/v2/posts/4306.json]
[www.ciahn.cl/wp-json/oembed/1.0/embed8da8.json]
[www.ciahn.cl/wp-json/oembed/1.0/embed8063]
[www.ciahn.cl/ciahn-atacama-conmemora-40-anos-de-la-formacion-bahia-inglesa-con-seminario-internacional/index.html]
[www.ciahn.cl/wp-content/plugins/arlo-core/shortcode/assets/img/thumb-500-560.jpg]
[www.ciahn.cl/wp-json/wp/v2/posts/4270.json]
[www.ciahn.cl/wp-json/oembed/1.0/embeddb79.json]
[www.ciahn.cl/wp-json/oembed/1.0/embede1e4]
[www.ciahn.cl/wp-content/uploads/2025/08/4.jpg]
[www.ciahn.cl/wp-content/uploads/2025/08/2.jpg]
[www.ciahn.cl/wp-content/uploads/2025/08/3.jpg]
[www.ciahn.cl/equipo-cientifico-internacional-descubrio-oasis-de-plantas-fosiles-de-hace-260-millones-de-anos/index.html]
[www.ciahn.cl/wp-json/wp/v2/posts/4256.json]
[www.ciahn.cl/wp-json/oembed/1.0/embed8ba3.json]
[www.ciahn.cl/wp-json/oembed/1.0/embedd280]
[www.ciahn.cl/wp-content/uploads/2025/07/Grabaciones-del-documental-en-el-Desierto-de-Atacama.jpg]
[www.ciahn.cl/wp-content/uploads/2025/07/Grabaciones-del-documental-en-el-Desierto-de-Atacama_2.jpg]
[www.ciahn.cl/documental-sobre-paleontologia-en-el-desierto-de-atacama-estrena-este-jueves-en-television-abierta/index.html]
[www.ciahn.cl/wp-json/wp/v2/posts/4235.json]
[www.ciahn.cl/wp-json/oembed/1.0/embedd380.json]
[www.ciahn.cl/wp-json/oembed/1.0/embed3a96]
[www.ciahn.cl/ganadores-de-concurso-de-fotografia-y-dibujo-del-mes-de-patrimonio-fueron-premiados-en-gobierno-regional/index.html]
[www.ciahn.cl/wp-json/wp/v2/posts/4140.json]
[www.ciahn.cl/wp-json/oembed/1.0/embed3a49.json]
[www.ciahn.cl/ciahn-atacama-invita-a-concurso-de-fotografia-y-dibujo-para-celebrar-el-mes-de-patrimonio/feed/index.html]
[www.ciahn.cl/wp-json/oembed/1.0/embedf833]
[www.ciahn.cl/wp-content/uploads/2025/05/portada-grande.jpg]
[www.ciahn.cl/wp-content/uploads/2025/05/Bases-concurso-de-Dibujo.pdf]
[www.ciahn.cl/wp-content/uploads/2025/05/Bases-concurso-de-fotografia.pdf]
[www.ciahn.cl/wp-content/uploads/2025/05/Convocatoria-Visita-PLD-Dia-del-Patrimonio-1.jpg]
[www.ciahn.cl/wp-content/uploads/2025/05/Convocatoria-Visita-PLD-Dia-del-Patrimonio-1-819x1024.jpg]
[www.ciahn.cl/ciahn-atacama-invita-a-concurso-de-fotografia-y-dibujo-para-celebrar-el-mes-de-patrimonio/index.html]
[www.ciahn.cl/wp-json/wp/v2/posts/4116.json]
[www.ciahn.cl/wp-json/oembed/1.0/embed6b16.json]
[www.ciahn.cl/fundacion-ruinas-de-huanchaca-y-ciahn-atacama-firman-convenio-para-fortalecer-la-investigacion-paleontologica/feed/index.html]
[www.ciahn.cl/wp-json/oembed/1.0/embeda6a4]
[www.ciahn.cl/wp-content/uploads/2025/05/Firma-3.jpg]
[www.ciahn.cl/wp-content/uploads/2025/05/Firma-1.jpg]
[www.ciahn.cl/wp-content/uploads/2025/05/Firma-1-1024x768.jpg]
[www.ciahn.cl/wp-content/uploads/2025/05/Firma-2.jpg]
[www.ciahn.cl/wp-content/uploads/2025/05/RUINAS-DE-HUANCHACA.jpg]
[www.ciahn.cl/fundacion-ruinas-de-huanchaca-y-ciahn-atacama-firman-convenio-para-fortalecer-la-investigacion-paleontologica/index.html]
[www.ciahn.cl/wp-json/wp/v2/posts/4109.json]
[www.ciahn.cl/colonialismo-cientifico-y-brechas-de-genero-invisibilizan-la-investigacion-paleontologica-latinoamericana/feed/index.html]
[www.ciahn.cl/wp-json/oembed/1.0/embed592d.json]
[www.ciahn.cl/wp-json/oembed/1.0/embed996d]
[www.ciahn.cl/wp-content/uploads/2025/04/MarianaViglino_2.jpg]
[www.ciahn.cl/wp-content/uploads/2025/04/MarianaViglino_2-1024x683.jpg]
[www.ciahn.cl/wp-content/uploads/2025/04/COMMSBIO-24-6687B_Figure-2_DBPR_R1_WEB.jpg]
[www.ciahn.cl/wp-content/uploads/2025/04/COMMSBIO-24-6687B_Figure-1_DBPR_R2_WEB-scaled.jpg]
[www.ciahn.cl/wp-content/uploads/2025/04/AnaValenzuelaToro_1.jpg]
[www.ciahn.cl/colonialismo-cientifico-y-brechas-de-genero-invisibilizan-la-investigacion-paleontologica-latinoamericana/index.html]
[www.ciahn.cl/wp-json/wp/v2/posts/4050.json]
[www.ciahn.cl/wp-json/oembed/1.0/embedcd22.json]
[www.ciahn.cl/wp-json/oembed/1.0/embed28e7]
[www.ciahn.cl/wp-content/uploads/2025/03/PLD-Verano-2025-4.jpg]
[www.ciahn.cl/wp-content/uploads/2025/03/PLD-Verano-2025-3.jpg]
[www.ciahn.cl/fin-de-semana-largo-mas-de-600-personas-visitaron-el-parque-paleontologico-los-dedos-2/index.html]
[www.ciahn.cl/wp-json/wp/v2/posts/4026.json]
[www.ciahn.cl/congreso-futuro-2025-aterriza-en-la-region-bajo-el-lema-que-atacama-queremos-ser/feed/index.html]
[www.ciahn.cl/wp-json/oembed/1.0/embed0ca5.json]
[www.ciahn.cl/wp-json/oembed/1.0/embedebb7]
[www.ciahn.cl/wp-content/uploads/2025/01/Afiche-central.jpg]
[www.ciahn.cl/wp-content/uploads/2025/01/Afiche-central-287x300.jpg]
[www.ciahn.cl/wp-content/uploads/elementor/thumbs/programa1-qzyn99clfn8oydgbq2o3ofhw8zwuk5qlk0frvwqr9k.jpg]
[www.ciahn.cl/wp-content/uploads/2025/01/programa1.jpg]
[www.ciahn.cl/wp-content/uploads/2025/01/programa2.jpg]
[www.ciahn.cl/wp-content/uploads/2025/01/programa3.jpg]
[www.ciahn.cl/wp-content/uploads/2025/01/programa4.jpg]
[www.ciahn.cl/wp-content/uploads/2025/01/programa5.jpg]
[www.ciahn.cl/wp-content/uploads/2025/01/programa6.jpg]
[www.ciahn.cl/congreso-futuro-2025-aterriza-en-la-region-bajo-el-lema-que-atacama-queremos-ser/index.html]
[www.ciahn.cl/wp-json/wp/v2/posts/4010.json]
[www.ciahn.cl/wp-json/oembed/1.0/embedd8e9.json]
[www.ciahn.cl/fin-de-semana-largo-mas-de-600-personas-visitaron-el-parque-paleontologico-los-dedos/feed/index.html]
[www.ciahn.cl/wp-json/oembed/1.0/embed7950]
[www.ciahn.cl/wp-content/uploads/2024/11/PARQUE-LOS-DEDOS4.jpg]
[www.ciahn.cl/wp-content/uploads/2024/11/PARQUE-LOS-DEDOS3.jpg]
[www.ciahn.cl/wp-content/uploads/2024/11/PARQUE-LOS-DEDOS5.jpg]
[www.ciahn.cl/wp-content/uploads/2024/11/PARQUE-LOS-DEDOS2.jpg]
[www.ciahn.cl/wp-content/uploads/2024/11/PARQUE-LOS-DEDOS1.jpg]
[www.ciahn.cl/fin-de-semana-largo-mas-de-600-personas-visitaron-el-parque-paleontologico-los-dedos/index.html]
[www.ciahn.cl/index261b.html]
[www.ciahn.cl/index1305.html]
[www.ciahn.cl/index504e.html]
[www.ciahn.cl/index6f3b.html]
[www.ciahn.cl/index5e1c.html]
[www.ciahn.cl/index7c4a.html]
[www.ciahn.cl/indexb09c.html]
[www.ciahn.cl/indexead3.html]
[www.ciahn.cl/paleontologa-de-ciahn-atacama-comparte-experien/_data_image/svg+xml,_svg xmlns='http_/www.w3.org/2000/svg' preserveAspectRatio='none' overflow='visible' height='100%' viewBox='0 0 20 16' fill='none' stroke='black' stroke-wi]
[www.ciahn.cl/wp-content/plugins/elementor/assets/lib/e-gallery/css/e-gallery.min7359.css]
[www.ciahn.cl/wp-json/oembed/1.0/embedb193]
[www.ciahn.cl/wp-json/wp/v2/pages/1244]
[www.ciahn.cl/category/atacama/feed/index.html]
[www.ciahn.cl/category/atacama/index.html]
[www.ciahn.cl/wp-json/wp/v2/categories/1.json]
[www.ciahn.cl/category/atacama/page/5/index.html]
[www.ciahn.cl/category/atacama/page/2/index.html]
[www.ciahn.cl/wp-content/uploads/2024/08/MINI-BANNER.jpg]
[www.ciahn.cl/wp-content/uploads/2024/08/mini-2.jpg]
[www.ciahn.cl/atacama-se-prepara-para-recibir-al-iii-congreso-chileno-de-paleontologia/index.html]
[www.ciahn.cl/wp-content/uploads/2024/08/PORTADA.jpg]
[www.ciahn.cl/wp-content/uploads/2024/05/MINI-DIA-INTERNACIONAL-MUSEOS-CIAHN.jpg]
[www.ciahn.cl/investigadora-de-ciahn-atacama-integra-comite-cientifico-internacional-antartico/index.html]
[www.ciahn.cl/wp-content/uploads/2024/07/PORTADA.jpg]
[www.ciahn.cl/wp-content/uploads/2024/07/PORTADA-1.jpg]
[www.ciahn.cl/dia-internacional-de-los-museos-ofrecera-entretenidas-actividades-en-torno-a-la-paleontologia/index.html]
[www.ciahn.cl/guia-del-parque-paleontologico-los-dedos-es-nombrada-por-unesco-como-embajadora-del-ano-en-geociencias/index.html]
[www.ciahn.cl/investigadora-de-ciahn-atacama-regresa-de-exitosa-expedicion-cientifica-a-la-antartica/index.html]
[www.ciahn.cl/wp-content/uploads/2024/01/Grafica-para-Redes-Sociales.jpg]
[www.ciahn.cl/wp-content/uploads/2023/12/Congreso-Futuro-Prov-Chanaral-6.jpg]
[www.ciahn.cl/congreso-futuro-vuelve-a-la-region-este-2024-abordando-los-principales-desafios-cientificos-para-atacama/index.html]
[www.ciahn.cl/wp-content/uploads/2023/12/WEB1.jpg]
[www.ciahn.cl/author/ciahnatacama/page/2/index.html]
[www.ciahn.cl/publico-de-todas-las-edades-disfruto-con-actividades-de-congreso-futuro-en-la-provincia-de-chanaral/index.html]
[www.ciahn.cl/wp-content/uploads/2023/11/portada-1.jpg]
[www.ciahn.cl/investigadora-de-ciahn-atacama-estudia-incendios-que-asolaron-la-antartica-en-la-era-de-los-dinosaurios/index.html]
[www.ciahn.cl/wp-content/uploads/2023/11/PORTADA.jpg]
[www.ciahn.cl/estudio-documenta-existencia-de-tiburones-sardinero-y-pejezorro-en-costa-de-chile-desde-hace-7-millones-de-anos/index.html]
[www.ciahn.cl/wp-content/uploads/2022/11/FOTO-3.jpg]
[www.ciahn.cl/author/ciahnatacama/page/3/index.html]
[www.ciahn.cl/indexe93d.html]
[www.ciahn.cl/hallazgo-de-nuevo-tiburon-fosil-rinde-homenaje-/_data_image/svg+xml,_svg xmlns='http_/www.w3.org/2000/svg' preserveAspectRatio='none' overflow='visible' height='100%' viewBox='0 0 20 16' fill='none' stroke='black' stroke-wi]
[www.ciahn.cl/hoy-abre-sus-puertas-maravillosa-muestra-arqueologica-sobre-la-cultura-chinchorro-en-chanaral/index.html]
[www.ciahn.cl/wp-json/wp/v2/posts/3371.json]
[www.ciahn.cl/importante-participacion-de-ciahn-atacama-en-congreso-chileno-de-paleontologia-2022-en-san-vicente-de-tagua-tagua/index.html]
[www.ciahn.cl/wp-json/oembed/1.0/embed145d.json]
[www.ciahn.cl/wp-json/oembed/1.0/embed9a6d]
[www.ciahn.cl/investigadora-de-ciahn-atacama-fue-finalista-en-concurso-de-prestigiosa-revista-cientifica-britanica-2/index.html]
[www.ciahn.cl/wp-json/wp/v2/posts/3352.json]
[www.ciahn.cl/wp-json/oembed/1.0/embed13a6.json]
[www.ciahn.cl/wp-json/oembed/1.0/embed0ae8]
[www.ciahn.cl/investigadora-de-ciahn-atacama-fue-finalista-en-concurso-de-prestigiosa-revista-cientifica-britanica/index.html]
[www.ciahn.cl/wp-json/wp/v2/posts/3316.json]
[www.ciahn.cl/wp-json/oembed/1.0/embedcb8a.json]
[www.ciahn.cl/wp-json/oembed/1.0/embedc2ab]
[www.ciahn.cl/wp-content/uploads/2023/10/1698208301771-01.jpg]
[www.ciahn.cl/wp-content/uploads/2023/10/1698195432673-01-1.jpg]
[www.ciahn.cl/wp-content/uploads/2023/10/1698179967941-01-1.jpg]
[www.ciahn.cl/wp-content/uploads/2023/10/1698197486574-01.jpg]
[www.ciahn.cl/wp-content/uploads/2023/10/1698196231410-01.jpg]
[www.ciahn.cl/wp-content/uploads/2023/10/1698206664062-01.jpg]
[www.ciahn.cl/wp-content/uploads/2023/10/1698196167215-01.jpg]
[www.ciahn.cl/wp-content/uploads/2023/10/1698196711483-01.jpg]
[www.ciahn.cl/wp-content/uploads/2023/10/NINOS-VALLENAR-CONGRESO-FUTURO.jpg]
[www.ciahn.cl/wp-content/uploads/2023/10/1698179647979-01.jpg]
[www.ciahn.cl/wp-content/uploads/2023/10/1698179813215-01.jpg]
[www.ciahn.cl/wp-content/uploads/2023/10/1698199070813-01.jpg]
[www.ciahn.cl/wp-content/uploads/2023/10/1698195220866-01.jpg]
[www.ciahn.cl/wp-content/uploads/2023/10/1698185003819-01.jpg]
[www.ciahn.cl/wp-content/uploads/2023/10/Aerea-Vallenar.jpg]
[www.ciahn.cl/wp-content/uploads/2023/10/1698195445803-01.jpg]
[www.ciahn.cl/mas-de-15-mil-personas-visitaron-congreso-futuro-en-tu-comuna-en-la-provincia-de-huasco/index.html]
[www.ciahn.cl/wp-json/wp/v2/posts/3232.json]
[www.ciahn.cl/wp-json/oembed/1.0/embedd87f.json]
[www.ciahn.cl/wp-json/oembed/1.0/embed83cc]
[www.ciahn.cl/congreso-futuro-en-tu-comuna-aterrizara-en-provincia-del-huasco-con-entretenida-caravana-de-la-ciencia/index.html]
[www.ciahn.cl/wp-content/uploads/2023/10/programa-scaled.jpg]
[www.ciahn.cl/wp-json/wp/v2/posts/2870.json]
[www.ciahn.cl/wp-json/oembed/1.0/embed2ea4.json]
[www.ciahn.cl/wp-json/oembed/1.0/embed89dd]
[www.ciahn.cl/wp-content/uploads/2023/05/AficheEncuentroPaleo.jpg]
[www.ciahn.cl/con-gran-exito-concluye-la-participacion-de-ciahn-atacama-en-puerto-de-ideas-antofagasta-2023/index.html]
[www.ciahn.cl/wp-json/wp/v2/posts/2776.json]
[www.ciahn.cl/corporacion-regional-de-paleontologia-ciahn-atacama-suscribe-convenio-con-la-direccion-regional-de-sernatur-para-el-fomento-del-geoturismo-en-atacama/feed/index.html]
[www.ciahn.cl/wp-json/oembed/1.0/embed7c1e.json]
[www.ciahn.cl/wp-json/oembed/1.0/embed43af]
[www.ciahn.cl/wp-content/uploads/2023/04/FIRMA-CONVENIO-SERNATUR-_WEB2.jpg]
[www.ciahn.cl/corporacion-regional-de-paleontologia-ciahn-atacama-suscribe-convenio-con-la-direccion-regional-de-sernatur-para-el-fomento-del-geoturismo-en-atacama/index.html]
[www.ciahn.cl/wp-json/wp/v2/posts/2774.json]
[www.ciahn.cl/ciahn-en-puerto-de-ideas-antofagasta-2023/feed/index.html]
[www.ciahn.cl/wp-json/oembed/1.0/embed313f.json]
[www.ciahn.cl/wp-json/oembed/1.0/embed8da1]
[www.ciahn.cl/wp-content/uploads/2023/04/PUERTO-DE-IDEAS.jpg]
[www.ciahn.cl/ciahn-en-puerto-de-ideas-antofagasta-2023/index.html]
[www.ciahn.cl/wp-content/uploads/2023/01/DESTACADO-CONGRESO-FUTURO.png]
[www.ciahn.cl/wp-content/uploads/2022/12/DIENTES-DE-TIBURON-AZUL.jpg]
[www.ciahn.cl/congreso-futuro-atacama-2023/index.html]
[www.ciahn.cl/wp-content/uploads/2022/11/FOTO-PLAZA.jpg]
[www.ciahn.cl/fosiles-confirman-la-presencia-de-tiburon-azul-en-la-costa-de-caldera-hace-millones-de-anos/index.html]
[www.ciahn.cl/exitosa-participacion-comunitaria-en-conmemoracion-del-centenario-del-terremoto-y-tsunami-de-atacama-1922/index.html]
[www.ciahn.cl/un-diente-de-tiburon-sierra-de-hace-26-millones-de-anos-reabre-el-pasado-tropical-de-chile/index.html]
[www.ciahn.cl/ministro-de-ciencias-visito-el-centro-cultural-en-caldera/index.html]
[www.ciahn.cl/ballenas-perezosos-megalodones-el-inagotable-registro-fosil-del-parque-paleontologico-de-caldera-ahora-sera-preservado/index.html]
[www.ciahn.cl/patrimonio-paleontologico-de-gran-valor-sera-preservado-y-estudiado-en-la-region-de-atacama/index.html]
[www.ciahn.cl/wp-includes/js/mediaelement/mediaelement-and-player.min1f61.js]
[www.ciahn.cl/wp-includes/js/mediaelement/mediaelement-migrate.min32d4.js]
[www.ciahn.cl/wp-includes/js/mediaelement/wp-mediaelement.min32d4.js]
[www.ciahn.cl/wp-includes/js/mediaelement/renderers/vimeo.min1f61.js]
[www.ciahn.cl/author/ciahn/page/2/index.html]
[www.ciahn.cl/index696a.html]
[www.ciahn.cl/atacama-fortalece-la-conexion-entre-fosiles-y-f/_data_image/svg+xml,_svg xmlns='http_/www.w3.org/2000/svg' preserveAspectRatio='none' overflow='visible' height='100%' viewBox='0 0 20 16' fill='none' stroke='black' stroke-wi]
[www.ciahn.cl/index8193.html]
[www.ciahn.cl/indexee0c.html]
[www.ciahn.cl/index3d15.html]
[www.ciahn.cl/index6a23.html]
[www.ciahn.cl/wp-json/wp/v2/posts/2352.json]
[www.ciahn.cl/wp-json/oembed/1.0/embeda21d.json]
[www.ciahn.cl/en/whales-marine-sloths-megalodons-the-endless-fossil-record-of-the-paleontological-park-of-caldera-will-be-preserved/feed/index.html]
[www.ciahn.cl/wp-json/oembed/1.0/embedad2b]
[www.ciahn.cl/wp-content/uploads/2021/10/el-inagotable-registro-fosil-del-Parque-Paleontologico-de-Caldera.jpg]
[www.ciahn.cl/wp-content/uploads/2021/10/Pelagornis-Chilensis-1024x642.jpg]
[www.ciahn.cl/wp-content/uploads/2021/10/David-Rubilar-Paleontologo-del-MNHN-2.jpg]
[www.ciahn.cl/wp-content/uploads/2021/10/David-Rubilar-Paleontologo-del-MNHN.jpg]
[www.ciahn.cl/en/whales-marine-sloths-megalodons-the-endless-fossil-record-of-the-paleontological-park-of-caldera-will-be-preserved/index.html]
[www.ciahn.cl/wp-json/wp/v2/posts/2346.json]
[www.ciahn.cl/en/minister-of-science-visits-cultural-center-in-caldera/feed/index.html]
[www.ciahn.cl/wp-json/oembed/1.0/embed3969.json]
[www.ciahn.cl/wp-json/oembed/1.0/embed94d0]
[www.ciahn.cl/en/minister-of-science-visits-cultural-center-in-caldera/index.html]
[www.ciahn.cl/indexdfba.html]
[www.ciahn.cl/index28fe.html]
[www.ciahn.cl/index06c3.html]
[www.ciahn.cl/indexb4b8.html]
[www.ciahn.cl/index2f60.html]
[www.ciahn.cl/index4fc9.html]
[www.ciahn.cl/indexc7d1.html]
[www.ciahn.cl/index5ac4.html]
[www.ciahn.cl/en/high-value-paleontological-patrimony-will-be-pr/_data_image/svg+xml,_svg xmlns='http_/www.w3.org/2000/svg' preserveAspectRatio='none' overflow='visible' height='100%' viewBox='0 0 20 16' fill='none' stroke='black' stroke]
[www.ciahn.cl/wp-json/wp/v2/categories/34.json]
[www.ciahn.cl/en/category/sin-categoria-en/index.html]
[www.ciahn.cl/en/category/sin-categoria-en/feed/index.html]
[www.ciahn.cl/wp-json/wp/v2/posts/938.json]
[www.ciahn.cl/wp-json/oembed/1.0/embede1e5.json]
[www.ciahn.cl/wp-json/oembed/1.0/embed9d22]
[www.ciahn.cl/core-apoya-corporacion-paleontologica-de-atacama/index.html]
[www.ciahn.cl/wp-includes/css/dist/block-library/style.min32d4.css]
[www.ciahn.cl/index9f15.html]
[www.ciahn.cl/en/regional-council-supports-paleontological-corpo/_data_image/svg+xml,_svg xmlns='http_/www.w3.org/2000/svg' preserveAspectRatio='none' overflow='visible' height='100%' viewBox='0 0 20 16' fill='none' stroke='black' stroke]
[www.ciahn.cl/indexc517.html]
[www.ciahn.cl/en/a-2-6-million-year-tooth-of-a-sawshark-reopened/_data_image/svg+xml,_svg xmlns='http_/www.w3.org/2000/svg' preserveAspectRatio='none' overflow='visible' height='100%' viewBox='0 0 20 16' fill='none' stroke='black' stroke]
[www.ciahn.cl/indexd0c0.html]
[www.ciahn.cl/esqueleto-fosil-hallado-en-atacama-replantea-la/_data_image/svg+xml,_svg xmlns='http_/www.w3.org/2000/svg' preserveAspectRatio='none' overflow='visible' height='100%' viewBox='0 0 20 16' fill='none' stroke='black' stroke-wi]
[www.ciahn.cl/index34eb.html]
[www.ciahn.cl/investigadores-clave-en-estudio-del-yacimiento-/_data_image/svg+xml,_svg xmlns='http_/www.w3.org/2000/svg' preserveAspectRatio='none' overflow='visible' height='100%' viewBox='0 0 20 16' fill='none' stroke='black' stroke-wi]
[www.ciahn.cl/indexe3f4.html]
[www.ciahn.cl/indexa2c8.html]
[www.ciahn.cl/indexe08e.html]
[www.ciahn.cl/index9173.html]
[www.ciahn.cl/indexf3d6.html]
[www.ciahn.cl/ciahn-atacama-invita-a-concurso-de-fotografia-y/_data_image/svg+xml,_svg xmlns='http_/www.w3.org/2000/svg' preserveAspectRatio='none' overflow='visible' height='100%' viewBox='0 0 20 16' fill='none' stroke='black' stroke-wi]
[www.ciahn.cl/indexc8ec.html]
[www.ciahn.cl/fundacion-ruinas-de-huanchaca-y-ciahn-atacama-f/_data_image/svg+xml,_svg xmlns='http_/www.w3.org/2000/svg' preserveAspectRatio='none' overflow='visible' height='100%' viewBox='0 0 20 16' fill='none' stroke='black' stroke-wi]
[www.ciahn.cl/indexa3af.html]
[www.ciahn.cl/colonialismo-cientifico-y-brechas-de-genero-inv/_data_image/svg+xml,_svg xmlns='http_/www.w3.org/2000/svg' preserveAspectRatio='none' overflow='visible' height='100%' viewBox='0 0 20 16' fill='none' stroke='black' stroke-wi]
[www.ciahn.cl/index94fb.html]
[www.ciahn.cl/indexa6bf.html]
[www.ciahn.cl/congreso-futuro-2025-aterriza-en-la-region-bajo/_data_image/svg+xml,_svg xmlns='http_/www.w3.org/2000/svg' preserveAspectRatio='none' overflow='visible' height='100%' viewBox='0 0 20 16' fill='none' stroke='black' stroke-wi]
[www.ciahn.cl/indexe0f7.html]
[www.ciahn.cl/fin-de-semana-largo-mas-de-600-personas-visitar/_data_image/svg+xml,_svg xmlns='http_/www.w3.org/2000/svg' preserveAspectRatio='none' overflow='visible' height='100%' viewBox='0 0 20 16' fill='none' stroke='black' stroke-wi]
[www.ciahn.cl/indexd2ec.html]
[www.ciahn.cl/category/atacama/page/2/index.html]
[www.ciahn.cl/category/atacama/page/5/index.html]
[www.ciahn.cl/category/atacama/page/3/index.html]
[www.ciahn.cl/wp-json/wp/v2/posts/3950.json]
[www.ciahn.cl/category/atacama/page/4/index.html]
[www.ciahn.cl/wp-json/oembed/1.0/embede3ff.json]
[www.ciahn.cl/wp-json/oembed/1.0/embedd943]
[www.ciahn.cl/atacama-se-prepara-para-recibir-al-iii-congreso-chileno-de-paleontologia/index.html]
[www.ciahn.cl/wp-json/wp/v2/posts/3934.json]
[www.ciahn.cl/investigadora-de-ciahn-atacama-integra-comite-cientifico-internacional-antartico/feed/index.html]
[www.ciahn.cl/wp-json/oembed/1.0/embed1366.json]
[www.ciahn.cl/wp-json/oembed/1.0/embedcd37]
[www.ciahn.cl/wp-content/uploads/2024/08/Dra.jpg]
[www.ciahn.cl/wp-content/uploads/2024/08/Paleontologa-de-CIAHN-Atacama-en-expedicion-cientifica-en-la-Antartica.jpg]
[www.ciahn.cl/wp-content/uploads/2024/08/Paleontologa-de-CIAHN-Atacama-en-expedicion-cientifica-en-la-Antartica-300x300.jpg]
[www.ciahn.cl/wp-content/uploads/2024/08/Oceano-Austral-Verano-2023_2024_2.jpg]
[www.ciahn.cl/wp-content/uploads/2024/08/Oceano-Austral-Verano-2023_2024_2-1024x553.jpg]
[www.ciahn.cl/investigadora-de-ciahn-atacama-integra-comite-cientifico-internacional-antartico/index.html]
[www.ciahn.cl/wp-json/wp/v2/posts/3865.json]
[www.ciahn.cl/wp-json/oembed/1.0/embeda52f.json]
[www.ciahn.cl/wp-json/oembed/1.0/embedde51]
[www.ciahn.cl/dia-internacional-de-los-museos-ofrecera-entretenidas-actividades-en-torno-a-la-paleontologia/index.html]
[www.ciahn.cl/wp-content/uploads/2024/05/DiaMuseos2024-FULL.jpg]
[www.ciahn.cl/wp-json/wp/v2/posts/3894.json]
[www.ciahn.cl/wp-json/oembed/1.0/embed3975.json]
[www.ciahn.cl/wp-json/oembed/1.0/embed83cf]
[www.ciahn.cl/wp-content/uploads/2024/07/Gyslaine-Mansilla-2.jpg]
[www.ciahn.cl/wp-content/uploads/2024/07/Gyslaine-Mansilla-4.jpg]
[www.ciahn.cl/wp-content/uploads/2024/07/Gyslaine-Mansilla-1.jpg]
[www.ciahn.cl/guia-del-parque-paleontologico-los-dedos-es-nombrada-por-unesco-como-embajadora-del-ano-en-geociencias/index.html]
[www.ciahn.cl/wp-json/wp/v2/posts/3906.json]
[www.ciahn.cl/wp-json/oembed/1.0/embed9726.json]
[www.ciahn.cl/wp-json/oembed/1.0/embed8117]
[www.ciahn.cl/wp-content/uploads/2024/07/ANT05.jpg]
[www.ciahn.cl/wp-content/uploads/2024/07/ANT06.jpg]
[www.ciahn.cl/wp-content/uploads/2024/07/ANT07.jpg]
[www.ciahn.cl/wp-content/uploads/2024/07/PORTADA-2.jpg]
[www.ciahn.cl/wp-content/uploads/2024/07/ANT01.jpg]
[www.ciahn.cl/wp-content/uploads/2024/07/ANT02.jpg]
[www.ciahn.cl/wp-content/uploads/2024/07/ANT03.jpg]
[www.ciahn.cl/wp-content/uploads/2024/07/ANT04.jpg]
[www.ciahn.cl/investigadora-de-ciahn-atacama-regresa-de-exitosa-expedicion-cientifica-a-la-antartica/index.html]
[www.ciahn.cl/wp-json/wp/v2/posts/3840.json]
[www.ciahn.cl/wp-json/oembed/1.0/embed4bec.json]
[www.ciahn.cl/wp-json/oembed/1.0/embed0922]
[www.ciahn.cl/wp-content/uploads/2024/01/CONGRESO-FUTURO-ACCESO-1024x612.jpg]
[www.ciahn.cl/wp-content/uploads/2024/01/PDF-CONGRESO-FUTURO-ok.pdf]
[www.ciahn.cl/congreso-futuro-vuelve-a-la-region-este-2024-abordando-los-principales-desafios-cientificos-para-atacama/index.html]
[www.ciahn.cl/wp-json/wp/v2/posts/3820.json]
[www.ciahn.cl/wp-json/oembed/1.0/embedb21c.json]
[www.ciahn.cl/wp-json/oembed/1.0/embed3db7]
[www.ciahn.cl/wp-content/uploads/2023/12/Congreso-Futuro-Prov-Chanaral-9.jpg]
[www.ciahn.cl/wp-content/uploads/2023/12/Congreso-Futuro-Prov-Chanaral-1.jpg]
[www.ciahn.cl/wp-content/uploads/2023/12/Congreso-Futuro-Prov-Chanaral-2.jpg]
[www.ciahn.cl/wp-content/uploads/2023/12/Congreso-Futuro-Prov-Chanaral-3.jpg]
[www.ciahn.cl/wp-content/uploads/2023/12/Congreso-Futuro-Prov-Chanaral-4.jpg]
[www.ciahn.cl/wp-content/uploads/2023/12/Congreso-Futuro-Prov-Chanaral-5.jpg]
[www.ciahn.cl/wp-content/uploads/2023/12/Congreso-Futuro-Prov-Chanaral-7.jpg]
[www.ciahn.cl/wp-content/uploads/2023/12/Congreso-Futuro-Prov-Chanaral-8.jpg]
[www.ciahn.cl/publico-de-todas-las-edades-disfruto-con-actividades-de-congreso-futuro-en-la-provincia-de-chanaral/index.html]
[www.ciahn.cl/wp-json/wp/v2/posts/3716.json]
[www.ciahn.cl/investigadora-de-ciahn-atacama-estudia-incendios-que-asolaron-la-antartica-en-la-era-de-los-dinosaurios/feed/index.html]
[www.ciahn.cl/wp-json/oembed/1.0/embed709e.json]
[www.ciahn.cl/wp-json/oembed/1.0/embed2dfc]
[www.ciahn.cl/wp-content/uploads/2023/12/02343633-e01c-4b61-9089-da0a695dfa4e.jpg]
[www.ciahn.cl/investigadora-de-ciahn-atacama-estudia-incendios-que-asolaron-la-antartica-en-la-era-de-los-dinosaurios/index.html]
[www.ciahn.cl/wp-json/wp/v2/posts/3697.json]
[www.ciahn.cl/wp-json/oembed/1.0/embed4251.json]
[www.ciahn.cl/estudio-documenta-existencia-de-tiburones-sardinero-y-pejezorro-en-costa-de-chile-desde-hace-7-millones-de-anos/index.html]
[www.ciahn.cl/wp-json/oembed/1.0/embed0282]
[www.ciahn.cl/wp-json/wp/v2/posts/3673.json]
[www.ciahn.cl/wp-json/oembed/1.0/embed2155.json]
[www.ciahn.cl/wp-json/oembed/1.0/embed281d]
[www.ciahn.cl/wp-content/uploads/2023/11/PORTADA-HI-1024x580.jpg]
[www.ciahn.cl/hoy-abre-sus-puertas-maravillosa-muestra-arqueologica-sobre-la-cultura-chinchorro-en-chanaral/index.html]
[www.ciahn.cl/wp-json/wp/v2/posts/2603.json]
[www.ciahn.cl/importante-participacion-de-ciahn-atacama-en-congreso-chileno-de-paleontologia-2022-en-san-vicente-de-tagua-tagua/feed/index.html]
[www.ciahn.cl/wp-json/oembed/1.0/embed2b64.json]
[www.ciahn.cl/wp-json/oembed/1.0/embed71f3]
[www.ciahn.cl/wp-content/uploads/2022/11/FOTO-2.jpg]
[www.ciahn.cl/importante-participacion-de-ciahn-atacama-en-congreso-chileno-de-paleontologia-2022-en-san-vicente-de-tagua-tagua/index.html]
[www.ciahn.cl/indexff0a.html]
[www.ciahn.cl/indexc1ae.html]
[www.ciahn.cl/index3cb6.html]
[www.ciahn.cl/index7f49.html]
[www.ciahn.cl/index10bc.html]
[www.ciahn.cl/con-gran-exito-concluye-la-participacion-de-cia/_data_image/svg+xml,_svg xmlns='http_/www.w3.org/2000/svg' preserveAspectRatio='none' overflow='visible' height='100%' viewBox='0 0 20 16' fill='none' stroke='black' stroke-wi]
[www.ciahn.cl/index65fd.html]
[www.ciahn.cl/corporacion-regional-de-paleontologia-ciahn-ata/_data_image/svg+xml,_svg xmlns='http_/www.w3.org/2000/svg' preserveAspectRatio='none' overflow='visible' height='100%' viewBox='0 0 20 16' fill='none' stroke='black' stroke-wi]
[www.ciahn.cl/index5649.html]
[www.ciahn.cl/ciahn-en-puerto-de-ideas-antofagasta-2023/_data_image/svg+xml,_svg xmlns='http_/www.w3.org/2000/svg' preserveAspectRatio='none' overflow='visible' height='100%' viewBox='0 0 20 16' fill='none' stroke='black' stroke-width='1]
[www.ciahn.cl/wp-json/wp/v2/posts/2728.json]
[www.ciahn.cl/congreso-futuro-atacama-2023/feed/index.html]
[www.ciahn.cl/wp-json/oembed/1.0/embed03e8.json]
[www.ciahn.cl/wp-json/oembed/1.0/embeda21a]
[www.ciahn.cl/wp-content/plugins/akismet/_inc/akismet-frontend802e.js]
[www.ciahn.cl/congreso-futuro-atacama-2023/index.html]
[www.ciahn.cl/wp-json/wp/v2/posts/2705.json]
[www.ciahn.cl/fosiles-confirman-la-presencia-de-tiburon-azul-en-la-costa-de-caldera-hace-millones-de-anos/feed/index.html]
[www.ciahn.cl/wp-json/oembed/1.0/embed4511.json]
[www.ciahn.cl/wp-json/oembed/1.0/embedca01]
[www.ciahn.cl/wp-content/uploads/2022/12/VIDEO-DIENTES-DE-TIBURON230a.mp4]
[www.ciahn.cl/wp-content/uploads/2022/12/VIDEO-DIENTES-DE-TIBURON.mp4]
[www.ciahn.cl/fosiles-confirman-la-presencia-de-tiburon-azul-en-la-costa-de-caldera-hace-millones-de-anos/index.html]
[www.ciahn.cl/exitosa-participacion-comunitaria-en-conmemoracion-del-centenario-del-terremoto-y-tsunami-de-atacama-1922/feed/index.html]
[www.ciahn.cl/wp-json/wp/v2/posts/2668.json]
[www.ciahn.cl/wp-json/oembed/1.0/embed1bf0.json]
[www.ciahn.cl/wp-json/oembed/1.0/embed0c1a]
[www.ciahn.cl/wp-content/uploads/2022/11/DIAPORAMA-1024x766.jpg]
[www.ciahn.cl/exitosa-participacion-comunitaria-en-conmemoracion-del-centenario-del-terremoto-y-tsunami-de-atacama-1922/index.html]
[www.ciahn.cl/wp-json/wp/v2/posts/1382.json]
[www.ciahn.cl/ministro-de-ciencias-visito-el-centro-cultural-en-caldera/feed/index.html]
[www.ciahn.cl/wp-json/oembed/1.0/embed0a84.json]
[www.ciahn.cl/wp-json/oembed/1.0/embedaec0]
[www.ciahn.cl/ministro-de-ciencias-visito-el-centro-cultural-en-caldera/index.html]
[www.ciahn.cl/wp-json/wp/v2/posts/1340.json]
[www.ciahn.cl/ballenas-perezosos-megalodones-el-inagotable-registro-fosil-del-parque-paleontologico-de-caldera-ahora-sera-preservado/feed/index.html]
[www.ciahn.cl/wp-json/oembed/1.0/embed14ca.json]
[www.ciahn.cl/wp-json/oembed/1.0/embed800d]
[www.ciahn.cl/ballenas-perezosos-megalodones-el-inagotable-registro-fosil-del-parque-paleontologico-de-caldera-ahora-sera-preservado/index.html]
[www.ciahn.cl/wp-json/wp/v2/posts/1310.json]
[www.ciahn.cl/un-diente-de-tiburon-sierra-de-hace-26-millones-de-anos-reabre-el-pasado-tropical-de-chile/feed/index.html]
[www.ciahn.cl/wp-json/oembed/1.0/embed21f3.json]
[www.ciahn.cl/wp-json/oembed/1.0/embeda954]
[www.ciahn.cl/un-diente-de-tiburon-sierra-de-hace-26-millones-de-anos-reabre-el-pasado-tropical-de-chile/index.html]
[www.ciahn.cl/wp-json/wp/v2/posts/1388.json]
[www.ciahn.cl/wp-json/oembed/1.0/embeda0f8.json]
[www.ciahn.cl/patrimonio-paleontologico-de-gran-valor-sera-preservado-y-estudiado-en-la-region-de-atacama/index.html]
[www.ciahn.cl/wp-json/oembed/1.0/embed53a2]
[www.ciahn.cl/wp-includes/js/mediaelement/mediaelementplayer-legacy.min1f61.css]
[www.ciahn.cl/wp-includes/js/mediaelement/wp-mediaelement.min32d4.css]
[www.ciahn.cl/indexa81b.html]
[www.ciahn.cl/en/whales-marine-sloths-megalodons-the-endless-fos/_data_image/svg+xml,_svg xmlns='http_/www.w3.org/2000/svg' preserveAspectRatio='none' overflow='visible' height='100%' viewBox='0 0 20 16' fill='none' stroke='black' stroke]
[www.ciahn.cl/index85f6.html]
[www.ciahn.cl/en/minister-of-science-visits-cultural-center-in-c/_data_image/svg+xml,_svg xmlns='http_/www.w3.org/2000/svg' preserveAspectRatio='none' overflow='visible' height='100%' viewBox='0 0 20 16' fill='none' stroke='black' stroke]
[www.ciahn.cl/indexefce.html]
[www.ciahn.cl/core-apoya-corporacion-paleontologica-de-atacam/_data_image/svg+xml,_svg xmlns='http_/www.w3.org/2000/svg' preserveAspectRatio='none' overflow='visible' height='100%' viewBox='0 0 20 16' fill='none' stroke='black' stroke-wi]
[www.ciahn.cl/category/atacama/page/3/index.html]
[www.ciahn.cl/category/atacama/page/4/index.html]
[www.ciahn.cl/index9bdf.html]
[www.ciahn.cl/index7eee.html]
[www.ciahn.cl/investigadora-de-ciahn-atacama-integra-comite-c/_data_image/svg+xml,_svg xmlns='http_/www.w3.org/2000/svg' preserveAspectRatio='none' overflow='visible' height='100%' viewBox='0 0 20 16' fill='none' stroke='black' stroke-wi]
[www.ciahn.cl/index093d.html]
[www.ciahn.cl/index28bb.html]
[www.ciahn.cl/index9471.html]
[www.ciahn.cl/indexd3da.html]
[www.ciahn.cl/indexc63b.html]
[www.ciahn.cl/indexf060.html]
[www.ciahn.cl/investigadora-de-ciahn-atacama-estudia-incendio/_data_image/svg+xml,_svg xmlns='http_/www.w3.org/2000/svg' preserveAspectRatio='none' overflow='visible' height='100%' viewBox='0 0 20 16' fill='none' stroke='black' stroke-wi]
[www.ciahn.cl/indexe4f6.html]
[www.ciahn.cl/indexdf65.html]
[www.ciahn.cl/index1682.html]
[www.ciahn.cl/importante-participacion-de-ciahn-atacama-en-co/_data_image/svg+xml,_svg xmlns='http_/www.w3.org/2000/svg' preserveAspectRatio='none' overflow='visible' height='100%' viewBox='0 0 20 16' fill='none' stroke='black' stroke-wi]
[www.ciahn.cl/indexe423.html]
[www.ciahn.cl/index0272.html]
[www.ciahn.cl/fosiles-confirman-la-presencia-de-tiburon-azul-/_data_image/svg+xml,_svg xmlns='http_/www.w3.org/2000/svg' preserveAspectRatio='none' overflow='visible' height='100%' viewBox='0 0 20 16' fill='none' stroke='black' stroke-wi]
[www.ciahn.cl/indexda3d.html]
[www.ciahn.cl/exitosa-participacion-comunitaria-en-conmemorac/_data_image/svg+xml,_svg xmlns='http_/www.w3.org/2000/svg' preserveAspectRatio='none' overflow='visible' height='100%' viewBox='0 0 20 16' fill='none' stroke='black' stroke-wi]
[www.ciahn.cl/index68e8.html]
[www.ciahn.cl/ministro-de-ciencias-visito-el-centro-cultural-/_data_image/svg+xml,_svg xmlns='http_/www.w3.org/2000/svg' preserveAspectRatio='none' overflow='visible' height='100%' viewBox='0 0 20 16' fill='none' stroke='black' stroke-wi]
[www.ciahn.cl/indexe5f6.html]
[www.ciahn.cl/ballenas-perezosos-megalodones-el-inagotable-re/_data_image/svg+xml,_svg xmlns='http_/www.w3.org/2000/svg' preserveAspectRatio='none' overflow='visible' height='100%' viewBox='0 0 20 16' fill='none' stroke='black' stroke-wi]
[www.ciahn.cl/index62d8.html]
[www.ciahn.cl/un-diente-de-tiburon-sierra-de-hace-26-millones/_data_image/svg+xml,_svg xmlns='http_/www.w3.org/2000/svg' preserveAspectRatio='none' overflow='visible' height='100%' viewBox='0 0 20 16' fill='none' stroke='black' stroke-wi]
[www.ciahn.cl/indexe129.html]
[www.ciahn.cl/patrimonio-paleontologico-de-gran-valor-sera-pr/_data_image/svg+xml,_svg xmlns='http_/www.w3.org/2000/svg' preserveAspectRatio='none' overflow='visible' height='100%' viewBox='0 0 20 16' fill='none' stroke='black' stroke-wi]
[www.ciahn.cl/wp-includes/js/mediaelement/mejs-controls.svg]
